WARNING: All log messages before absl::InitializeLog() is called are written to STDERR
I0000 00:00:1785455888.275359    9752 port.cc:153] oneDNN custom operations are on. You may see slightly different numerical results due to floating-point round-off errors from different computation orders. To turn them off, set the environment variable `TF_ENABLE_ONEDNN_OPTS=0`.
WARNING: All log messages before absl::InitializeLog() is called are written to STDERR
I0000 00:00:1785455912.959549    9752 port.cc:153] oneDNN custom operations are on. You may see slightly different numerical results due to floating-point round-off errors from different computation orders. To turn them off, set the environment variable `TF_ENABLE_ONEDNN_OPTS=0`.
======================================================================
Training CNN on Log-Mel Spectrograms
======================================================================
Classes: [np.str_('belt'), np.str_('brake'), np.str_('sway')]
Train: (624, 128, 216, 1) | Val: (134, 128, 216, 1) | Test: (133, 128, 216, 1)
I0000 00:00:1785455915.990643    9752 cpu_feature_guard.cc:227] This TensorFlow binary is optimized to use available CPU instructions in performance-critical operations.
To enable the following instructions: SSE3 SSE4.1 SSE4.2 AVX AVX2 FMA, in other operations, rebuild TensorFlow with the appropriate compiler flags.
WARNING:tensorflow:TensorFlow GPU support is not available on native Windows for TensorFlow >= 2.11. Even if CUDA/cuDNN are installed, GPU will not be used. Please use WSL2 or the TensorFlow-DirectML plugin.
Model: "sequential"
┌─────────────────────────────────┬────────────────────────┬───────────────┐
│ Layer (type)                    │ Output Shape           │       Param # │
├─────────────────────────────────┼────────────────────────┼───────────────┤
│ conv2d (Conv2D)                 │ (None, 128, 216, 16)   │           160 │
├─────────────────────────────────┼────────────────────────┼───────────────┤
│ batch_normalization             │ (None, 128, 216, 16)   │            64 │
│ (BatchNormalization)            │                        │               │
├─────────────────────────────────┼────────────────────────┼───────────────┤
│ max_pooling2d (MaxPooling2D)    │ (None, 64, 108, 16)    │             0 │
├─────────────────────────────────┼────────────────────────┼───────────────┤
│ conv2d_1 (Conv2D)               │ (None, 64, 108, 32)    │         4,640 │
├─────────────────────────────────┼────────────────────────┼───────────────┤
│ batch_normalization_1           │ (None, 64, 108, 32)    │           128 │
│ (BatchNormalization)            │                        │               │
├─────────────────────────────────┼────────────────────────┼───────────────┤
│ max_pooling2d_1 (MaxPooling2D)  │ (None, 32, 54, 32)     │             0 │
├─────────────────────────────────┼────────────────────────┼───────────────┤
│ conv2d_2 (Conv2D)               │ (None, 32, 54, 64)     │        18,496 │
├─────────────────────────────────┼────────────────────────┼───────────────┤
│ batch_normalization_2           │ (None, 32, 54, 64)     │           256 │
│ (BatchNormalization)            │                        │               │
├─────────────────────────────────┼────────────────────────┼───────────────┤
│ max_pooling2d_2 (MaxPooling2D)  │ (None, 16, 27, 64)     │             0 │
├─────────────────────────────────┼────────────────────────┼───────────────┤
│ freq_pool                       │ (None, 27, 64)         │             0 │
│ (FrequencyAveragePooling)       │                        │               │
├─────────────────────────────────┼────────────────────────┼───────────────┤
│ bidirectional (Bidirectional)   │ (None, 64)             │        18,816 │
├─────────────────────────────────┼────────────────────────┼───────────────┤
│ dense (Dense)                   │ (None, 64)             │         4,160 │
├─────────────────────────────────┼────────────────────────┼───────────────┤
│ dropout (Dropout)               │ (None, 64)             │             0 │
├─────────────────────────────────┼────────────────────────┼───────────────┤
│ dense_1 (Dense)                 │ (None, 3)              │           195 │
└─────────────────────────────────┴────────────────────────┴───────────────┘
 Total params: 46,915 (183.26 KB)
 Trainable params: 46,691 (182.39 KB)
 Non-trainable params: 224 (896.00 B)

Class weights (balanced): {np.str_('belt'): np.float64(0.981), np.str_('brake'): np.float64(1.01), np.str_('sway'): np.float64(1.01)}

[1] Training the CNN...

Epoch 1/40
39/39 - 26s - 668ms/step - accuracy: 0.5865 - loss: 0.3850 - val_accuracy: 0.5970 - val_loss: 0.4297 - learning_rate: 0.0010
Epoch 2/40
39/39 - 25s - 640ms/step - accuracy: 0.6619 - loss: 0.3080 - val_accuracy: 0.5149 - val_loss: 0.4292 - learning_rate: 0.0010
Epoch 3/40
39/39 - 18s - 473ms/step - accuracy: 0.6715 - loss: 0.2940 - val_accuracy: 0.5000 - val_loss: 0.4301 - learning_rate: 0.0010
Epoch 4/40
39/39 - 17s - 430ms/step - accuracy: 0.6715 - loss: 0.2999 - val_accuracy: 0.5299 - val_loss: 0.3960 - learning_rate: 0.0010
Epoch 5/40
39/39 - 19s - 498ms/step - accuracy: 0.6795 - loss: 0.2697 - val_accuracy: 0.5597 - val_loss: 0.3859 - learning_rate: 0.0010
Epoch 6/40
39/39 - 21s - 529ms/step - accuracy: 0.7260 - loss: 0.2623 - val_accuracy: 0.5672 - val_loss: 0.3354 - learning_rate: 0.0010
Epoch 7/40
39/39 - 21s - 544ms/step - accuracy: 0.7692 - loss: 0.2371 - val_accuracy: 0.5522 - val_loss: 0.3775 - learning_rate: 0.0010
Epoch 8/40
39/39 - 20s - 520ms/step - accuracy: 0.7612 - loss: 0.2336 - val_accuracy: 0.6567 - val_loss: 0.3514 - learning_rate: 0.0010
Epoch 9/40
39/39 - 21s - 534ms/step - accuracy: 0.7853 - loss: 0.2043 - val_accuracy: 0.6866 - val_loss: 0.3222 - learning_rate: 0.0010
Epoch 10/40
39/39 - 20s - 516ms/step - accuracy: 0.8045 - loss: 0.1838 - val_accuracy: 0.6567 - val_loss: 0.3155 - learning_rate: 0.0010
Epoch 11/40
39/39 - 21s - 540ms/step - accuracy: 0.8125 - loss: 0.1707 - val_accuracy: 0.6418 - val_loss: 0.3656 - learning_rate: 0.0010
Epoch 12/40
39/39 - 20s - 520ms/step - accuracy: 0.8397 - loss: 0.1632 - val_accuracy: 0.6716 - val_loss: 0.2660 - learning_rate: 0.0010
Epoch 13/40
39/39 - 21s - 538ms/step - accuracy: 0.8606 - loss: 0.1470 - val_accuracy: 0.6940 - val_loss: 0.2809 - learning_rate: 0.0010
Epoch 14/40
39/39 - 21s - 539ms/step - accuracy: 0.8606 - loss: 0.1401 - val_accuracy: 0.5970 - val_loss: 0.4044 - learning_rate: 0.0010
Epoch 15/40
39/39 - 20s - 518ms/step - accuracy: 0.8654 - loss: 0.1265 - val_accuracy: 0.6866 - val_loss: 0.3187 - learning_rate: 0.0010
Epoch 16/40
39/39 - 20s - 513ms/step - accuracy: 0.8734 - loss: 0.1298 - val_accuracy: 0.6418 - val_loss: 0.3684 - learning_rate: 0.0010
Epoch 17/40
39/39 - 21s - 533ms/step - accuracy: 0.8990 - loss: 0.1004 - val_accuracy: 0.7015 - val_loss: 0.2821 - learning_rate: 5.0000e-04
Epoch 18/40
39/39 - 23s - 588ms/step - accuracy: 0.9054 - loss: 0.0846 - val_accuracy: 0.7687 - val_loss: 0.2223 - learning_rate: 5.0000e-04
Epoch 19/40
39/39 - 21s - 533ms/step - accuracy: 0.9054 - loss: 0.0784 - val_accuracy: 0.7761 - val_loss: 0.1745 - learning_rate: 5.0000e-04
Epoch 20/40
39/39 - 19s - 494ms/step - accuracy: 0.9103 - loss: 0.0693 - val_accuracy: 0.7537 - val_loss: 0.2478 - learning_rate: 5.0000e-04
Epoch 21/40
39/39 - 21s - 526ms/step - accuracy: 0.9407 - loss: 0.0627 - val_accuracy: 0.7313 - val_loss: 0.2598 - learning_rate: 5.0000e-04
Epoch 22/40
39/39 - 20s - 519ms/step - accuracy: 0.9423 - loss: 0.0533 - val_accuracy: 0.8209 - val_loss: 0.1953 - learning_rate: 5.0000e-04
Epoch 23/40
39/39 - 21s - 527ms/step - accuracy: 0.9599 - loss: 0.0468 - val_accuracy: 0.7463 - val_loss: 0.3024 - learning_rate: 5.0000e-04
Epoch 24/40
39/39 - 13s - 324ms/step - accuracy: 0.9503 - loss: 0.0396 - val_accuracy: 0.8284 - val_loss: 0.1884 - learning_rate: 2.5000e-04
Epoch 25/40
39/39 - 21s - 528ms/step - accuracy: 0.9615 - loss: 0.0352 - val_accuracy: 0.7687 - val_loss: 0.2447 - learning_rate: 2.5000e-04
Epoch 26/40
39/39 - 21s - 536ms/step - accuracy: 0.9679 - loss: 0.0307 - val_accuracy: 0.7985 - val_loss: 0.2247 - learning_rate: 2.5000e-04
Epoch 27/40
39/39 - 20s - 524ms/step - accuracy: 0.9712 - loss: 0.0305 - val_accuracy: 0.8433 - val_loss: 0.1992 - learning_rate: 2.5000e-04
   saved cnn_training_curves.png

[2] Evaluating on the TEST set...
   Test accuracy: 0.8045
   Test macro-F1: 0.8003
   Test macro-precision: 0.8119
   Test macro-recall: 0.8032

              precision    recall  f1-score   support

        belt       0.77      0.98      0.86        45
       brake       0.89      0.73      0.80        44
        sway       0.78      0.70      0.74        44

    accuracy                           0.80       133
   macro avg       0.81      0.80      0.80       133
weighted avg       0.81      0.80      0.80       133


======================================================================
DONE. Saved:
   - cnn_model.keras (trained CNN, ready to use)
   - cnn_report.txt
   - cnn_confusion_matrix.png
   - cnn_training_curves.png
======================================================================
