WARNING: All log messages before absl::InitializeLog() is called are written to STDERR
I0000 00:00:1785538953.263664    5948 port.cc:153] oneDNN custom operations are on. You may see slightly different numerical results due to floating-point round-off errors from different computation orders. To turn them off, set the environment variable `TF_ENABLE_ONEDNN_OPTS=0`.
WARNING: All log messages before absl::InitializeLog() is called are written to STDERR
I0000 00:00:1785538964.276847    5948 port.cc:153] oneDNN custom operations are on. You may see slightly different numerical results due to floating-point round-off errors from different computation orders. To turn them off, set the environment variable `TF_ENABLE_ONEDNN_OPTS=0`.
======================================================================
Training CNN on Log-Mel Spectrograms
======================================================================
Classes: [np.str_('belt'), np.str_('brake'), np.str_('sway')]
Train: (1872, 128, 216, 1) | Val: (134, 128, 216, 1) | Test: (133, 128, 216, 1)
I0000 00:00:1785538968.593040    5948 cpu_feature_guard.cc:227] This TensorFlow binary is optimized to use available CPU instructions in performance-critical operations.
To enable the following instructions: SSE3 SSE4.1 SSE4.2 AVX AVX2 FMA, in other operations, rebuild TensorFlow with the appropriate compiler flags.
WARNING:tensorflow:TensorFlow GPU support is not available on native Windows for TensorFlow >= 2.11. Even if CUDA/cuDNN are installed, GPU will not be used. Please use WSL2 or the TensorFlow-DirectML plugin.
Model: "sequential"
┌─────────────────────────────────┬────────────────────────┬───────────────┐
│ Layer (type)                    │ Output Shape           │       Param # │
├─────────────────────────────────┼────────────────────────┼───────────────┤
│ conv2d (Conv2D)                 │ (None, 128, 216, 16)   │           160 │
├─────────────────────────────────┼────────────────────────┼───────────────┤
│ batch_normalization             │ (None, 128, 216, 16)   │            64 │
│ (BatchNormalization)            │                        │               │
├─────────────────────────────────┼────────────────────────┼───────────────┤
│ max_pooling2d (MaxPooling2D)    │ (None, 64, 108, 16)    │             0 │
├─────────────────────────────────┼────────────────────────┼───────────────┤
│ conv2d_1 (Conv2D)               │ (None, 64, 108, 32)    │         4,640 │
├─────────────────────────────────┼────────────────────────┼───────────────┤
│ batch_normalization_1           │ (None, 64, 108, 32)    │           128 │
│ (BatchNormalization)            │                        │               │
├─────────────────────────────────┼────────────────────────┼───────────────┤
│ max_pooling2d_1 (MaxPooling2D)  │ (None, 32, 54, 32)     │             0 │
├─────────────────────────────────┼────────────────────────┼───────────────┤
│ conv2d_2 (Conv2D)               │ (None, 32, 54, 64)     │        18,496 │
├─────────────────────────────────┼────────────────────────┼───────────────┤
│ batch_normalization_2           │ (None, 32, 54, 64)     │           256 │
│ (BatchNormalization)            │                        │               │
├─────────────────────────────────┼────────────────────────┼───────────────┤
│ max_pooling2d_2 (MaxPooling2D)  │ (None, 16, 27, 64)     │             0 │
├─────────────────────────────────┼────────────────────────┼───────────────┤
│ freq_pool                       │ (None, 27, 64)         │             0 │
│ (FrequencyAveragePooling)       │                        │               │
├─────────────────────────────────┼────────────────────────┼───────────────┤
│ bidirectional (Bidirectional)   │ (None, 64)             │        18,816 │
├─────────────────────────────────┼────────────────────────┼───────────────┤
│ dense (Dense)                   │ (None, 64)             │         4,160 │
├─────────────────────────────────┼────────────────────────┼───────────────┤
│ dropout (Dropout)               │ (None, 64)             │             0 │
├─────────────────────────────────┼────────────────────────┼───────────────┤
│ dense_1 (Dense)                 │ (None, 3)              │           195 │
└─────────────────────────────────┴────────────────────────┴───────────────┘
 Total params: 46,915 (183.26 KB)
 Trainable params: 46,691 (182.39 KB)
 Non-trainable params: 224 (896.00 B)

Class weights (balanced): {np.str_('belt'): np.float64(0.981), np.str_('brake'): np.float64(1.01), np.str_('sway'): np.float64(1.01)}

[1] Training the CNN...

Epoch 1/40
117/117 - 52s - 448ms/step - accuracy: 0.5978 - loss: 0.3516 - val_accuracy: 0.5597 - val_loss: 0.4012 - learning_rate: 0.0010
Epoch 2/40
117/117 - 41s - 352ms/step - accuracy: 0.6822 - loss: 0.2896 - val_accuracy: 0.6343 - val_loss: 0.3270 - learning_rate: 0.0010
Epoch 3/40
117/117 - 45s - 386ms/step - accuracy: 0.6912 - loss: 0.2640 - val_accuracy: 0.6493 - val_loss: 0.3093 - learning_rate: 0.0010
Epoch 4/40
117/117 - 74s - 631ms/step - accuracy: 0.7217 - loss: 0.2443 - val_accuracy: 0.6866 - val_loss: 0.3049 - learning_rate: 0.0010
Epoch 5/40
117/117 - 42s - 358ms/step - accuracy: 0.7334 - loss: 0.2280 - val_accuracy: 0.7463 - val_loss: 0.2590 - learning_rate: 0.0010
Epoch 6/40
117/117 - 44s - 375ms/step - accuracy: 0.7585 - loss: 0.2174 - val_accuracy: 0.6940 - val_loss: 0.2770 - learning_rate: 0.0010
Epoch 7/40
117/117 - 42s - 358ms/step - accuracy: 0.7644 - loss: 0.2055 - val_accuracy: 0.7985 - val_loss: 0.2393 - learning_rate: 0.0010
Epoch 8/40
117/117 - 37s - 313ms/step - accuracy: 0.7879 - loss: 0.1871 - val_accuracy: 0.7836 - val_loss: 0.2590 - learning_rate: 0.0010
Epoch 9/40
117/117 - 42s - 359ms/step - accuracy: 0.7927 - loss: 0.1708 - val_accuracy: 0.7761 - val_loss: 0.2301 - learning_rate: 0.0010
Epoch 10/40
117/117 - 41s - 353ms/step - accuracy: 0.8136 - loss: 0.1585 - val_accuracy: 0.7388 - val_loss: 0.3064 - learning_rate: 0.0010
Epoch 11/40
117/117 - 41s - 349ms/step - accuracy: 0.8243 - loss: 0.1453 - val_accuracy: 0.7910 - val_loss: 0.2585 - learning_rate: 0.0010
Epoch 12/40
117/117 - 43s - 369ms/step - accuracy: 0.8349 - loss: 0.1398 - val_accuracy: 0.7687 - val_loss: 0.3123 - learning_rate: 0.0010
Epoch 13/40
117/117 - 40s - 344ms/step - accuracy: 0.8520 - loss: 0.1213 - val_accuracy: 0.7388 - val_loss: 0.3584 - learning_rate: 0.0010
Epoch 14/40
117/117 - 38s - 324ms/step - accuracy: 0.8707 - loss: 0.1099 - val_accuracy: 0.7985 - val_loss: 0.2728 - learning_rate: 5.0000e-04
Epoch 15/40
117/117 - 40s - 343ms/step - accuracy: 0.8862 - loss: 0.0924 - val_accuracy: 0.8284 - val_loss: 0.2751 - learning_rate: 5.0000e-04
Epoch 16/40
117/117 - 37s - 318ms/step - accuracy: 0.9012 - loss: 0.0835 - val_accuracy: 0.8134 - val_loss: 0.2402 - learning_rate: 5.0000e-04
Epoch 17/40
117/117 - 41s - 346ms/step - accuracy: 0.9054 - loss: 0.0820 - val_accuracy: 0.8284 - val_loss: 0.2866 - learning_rate: 5.0000e-04
   saved cnn_training_curves.png

[2] Evaluating on the TEST set...
   Test accuracy: 0.7744
   Test macro-F1: 0.7711
   Test macro-precision: 0.7845
   Test macro-recall: 0.7739

              precision    recall  f1-score   support

        belt       0.84      0.84      0.84        45
       brake       0.69      0.86      0.77        44
        sway       0.82      0.61      0.70        44

    accuracy                           0.77       133
   macro avg       0.78      0.77      0.77       133
weighted avg       0.78      0.77      0.77       133


======================================================================
DONE. Saved:
   - cnn_model.keras (trained CNN, ready to use)
   - cnn_report.txt
   - cnn_confusion_matrix.png
   - cnn_training_curves.png
======================================================================
